[0.208s] DEBUG:colcon:Command line arguments: ['/usr/bin/colcon', 'build', '--packages-select', 'nav_astar']
[0.208s] DEBUG:colcon:Parsed command line arguments: Namespace(log_base=None, log_level=None, verb_name='build', build_base='build', install_base='install', merge_install=False, symlink_install=False, test_result_base=None, continue_on_error=False, executor='parallel', parallel_workers=8, event_handlers=None, ignore_user_meta=False, metas=['./colcon.meta'], base_paths=['.'], packages_ignore=None, packages_ignore_regex=None, paths=None, packages_up_to=None, packages_up_to_regex=None, packages_above=None, packages_above_and_dependencies=None, packages_above_depth=None, packages_select_by_dep=None, packages_skip_by_dep=None, packages_skip_up_to=None, packages_select_build_failed=False, packages_skip_build_finished=False, packages_select_test_failures=False, packages_skip_test_passed=False, packages_select=['nav_astar'], packages_skip=None, packages_select_regex=None, packages_skip_regex=None, packages_start=None, packages_end=None, allow_overriding=[], cmake_args=None, cmake_target=None, cmake_target_skip_unavailable=False, cmake_clean_cache=False, cmake_clean_first=False, cmake_force_configure=False, ament_cmake_args=None, catkin_cmake_args=None, catkin_skip_building_tests=False, mixin_files=None, mixin=None, verb_parser=<colcon_mixin.mixin.mixin_argument.MixinArgumentDecorator object at 0x783ce9e655e0>, verb_extension=<colcon_core.verb.build.BuildVerb object at 0x783ce9e65250>, main=<bound method BuildVerb.main of <colcon_core.verb.build.BuildVerb object at 0x783ce9e65250>>, mixin_verb=('build',))
[0.263s] Level 1:colcon.colcon_core.package_discovery:discover_packages(colcon_meta) check parameters
[0.263s] Level 1:colcon.colcon_core.package_discovery:discover_packages(recursive) check parameters
[0.263s] Level 1:colcon.colcon_core.package_discovery:discover_packages(ignore) check parameters
[0.264s] Level 1:colcon.colcon_core.package_discovery:discover_packages(path) check parameters
[0.264s] Level 1:colcon.colcon_core.package_discovery:discover_packages(colcon_meta) discover
[0.264s] Level 1:colcon.colcon_core.package_discovery:discover_packages(recursive) discover
[0.264s] INFO:colcon.colcon_core.package_discovery:Crawling recursively for packages in '/home/jandui/ros2_jazzy/src/robmove'
[0.264s] Level 1:colcon.colcon_core.package_identification:_identify(.) by extensions ['ignore', 'ignore_ament_install']
[0.264s] Level 1:colcon.colcon_core.package_identification:_identify(.) by extension 'ignore'
[0.264s] Level 1:colcon.colcon_core.package_identification:_identify(.) by extension 'ignore_ament_install'
[0.264s] Level 1:colcon.colcon_core.package_identification:_identify(.) by extensions ['colcon_pkg']
[0.264s] Level 1:colcon.colcon_core.package_identification:_identify(.) by extension 'colcon_pkg'
[0.264s] Level 1:colcon.colcon_core.package_identification:_identify(.) by extensions ['colcon_meta']
[0.264s] Level 1:colcon.colcon_core.package_identification:_identify(.) by extension 'colcon_meta'
[0.264s] Level 1:colcon.colcon_core.package_identification:_identify(.) by extensions ['ros']
[0.264s] Level 1:colcon.colcon_core.package_identification:_identify(.) by extension 'ros'
[0.295s] Level 1:colcon.colcon_core.package_identification:_identify(.) by extensions ['cmake', 'python']
[0.295s] Level 1:colcon.colcon_core.package_identification:_identify(.) by extension 'cmake'
[0.295s] Level 1:colcon.colcon_core.package_identification:_identify(.) by extension 'python'
[0.295s] Level 1:colcon.colcon_core.package_identification:_identify(.) by extensions ['python_setup_py']
[0.295s] Level 1:colcon.colcon_core.package_identification:_identify(.) by extension 'python_setup_py'
[0.295s] Level 1:colcon.colcon_core.package_identification:_identify(astar_planner) by extensions ['ignore', 'ignore_ament_install']
[0.295s] Level 1:colcon.colcon_core.package_identification:_identify(astar_planner) by extension 'ignore'
[0.295s] Level 1:colcon.colcon_core.package_identification:_identify(astar_planner) by extension 'ignore_ament_install'
[0.295s] Level 1:colcon.colcon_core.package_identification:_identify(astar_planner) by extensions ['colcon_pkg']
[0.295s] Level 1:colcon.colcon_core.package_identification:_identify(astar_planner) by extension 'colcon_pkg'
[0.295s] Level 1:colcon.colcon_core.package_identification:_identify(astar_planner) by extensions ['colcon_meta']
[0.295s] Level 1:colcon.colcon_core.package_identification:_identify(astar_planner) by extension 'colcon_meta'
[0.295s] Level 1:colcon.colcon_core.package_identification:_identify(astar_planner) by extensions ['ros']
[0.295s] Level 1:colcon.colcon_core.package_identification:_identify(astar_planner) by extension 'ros'
[0.297s] DEBUG:colcon.colcon_core.package_identification:Package 'astar_planner' with type 'ros.ament_python' and name 'astar_planner'
[0.298s] Level 1:colcon.colcon_core.package_identification:_identify(build) by extensions ['ignore', 'ignore_ament_install']
[0.298s] Level 1:colcon.colcon_core.package_identification:_identify(build) by extension 'ignore'
[0.298s] Level 1:colcon.colcon_core.package_identification:_identify(build) ignored
[0.298s] Level 1:colcon.colcon_core.package_identification:_identify(core) by extensions ['ignore', 'ignore_ament_install']
[0.298s] Level 1:colcon.colcon_core.package_identification:_identify(core) by extension 'ignore'
[0.298s] Level 1:colcon.colcon_core.package_identification:_identify(core) by extension 'ignore_ament_install'
[0.298s] Level 1:colcon.colcon_core.package_identification:_identify(core) by extensions ['colcon_pkg']
[0.298s] Level 1:colcon.colcon_core.package_identification:_identify(core) by extension 'colcon_pkg'
[0.298s] Level 1:colcon.colcon_core.package_identification:_identify(core) by extensions ['colcon_meta']
[0.298s] Level 1:colcon.colcon_core.package_identification:_identify(core) by extension 'colcon_meta'
[0.298s] Level 1:colcon.colcon_core.package_identification:_identify(core) by extensions ['ros']
[0.298s] Level 1:colcon.colcon_core.package_identification:_identify(core) by extension 'ros'
[0.298s] Level 1:colcon.colcon_core.package_identification:_identify(core) by extensions ['cmake', 'python']
[0.298s] Level 1:colcon.colcon_core.package_identification:_identify(core) by extension 'cmake'
[0.298s] Level 1:colcon.colcon_core.package_identification:_identify(core) by extension 'python'
[0.298s] Level 1:colcon.colcon_core.package_identification:_identify(core) by extensions ['python_setup_py']
[0.298s] Level 1:colcon.colcon_core.package_identification:_identify(core) by extension 'python_setup_py'
[0.299s] Level 1:colcon.colcon_core.package_identification:_identify(install) by extensions ['ignore', 'ignore_ament_install']
[0.299s] Level 1:colcon.colcon_core.package_identification:_identify(install) by extension 'ignore'
[0.299s] Level 1:colcon.colcon_core.package_identification:_identify(install) ignored
[0.299s] Level 1:colcon.colcon_core.package_identification:_identify(log) by extensions ['ignore', 'ignore_ament_install']
[0.299s] Level 1:colcon.colcon_core.package_identification:_identify(log) by extension 'ignore'
[0.299s] Level 1:colcon.colcon_core.package_identification:_identify(log) ignored
[0.299s] Level 1:colcon.colcon_core.package_identification:_identify(maps) by extensions ['ignore', 'ignore_ament_install']
[0.299s] Level 1:colcon.colcon_core.package_identification:_identify(maps) by extension 'ignore'
[0.299s] Level 1:colcon.colcon_core.package_identification:_identify(maps) by extension 'ignore_ament_install'
[0.299s] Level 1:colcon.colcon_core.package_identification:_identify(maps) by extensions ['colcon_pkg']
[0.299s] Level 1:colcon.colcon_core.package_identification:_identify(maps) by extension 'colcon_pkg'
[0.299s] Level 1:colcon.colcon_core.package_identification:_identify(maps) by extensions ['colcon_meta']
[0.299s] Level 1:colcon.colcon_core.package_identification:_identify(maps) by extension 'colcon_meta'
[0.299s] Level 1:colcon.colcon_core.package_identification:_identify(maps) by extensions ['ros']
[0.299s] Level 1:colcon.colcon_core.package_identification:_identify(maps) by extension 'ros'
[0.299s] Level 1:colcon.colcon_core.package_identification:_identify(maps) by extensions ['cmake', 'python']
[0.299s] Level 1:colcon.colcon_core.package_identification:_identify(maps) by extension 'cmake'
[0.299s] Level 1:colcon.colcon_core.package_identification:_identify(maps) by extension 'python'
[0.299s] Level 1:colcon.colcon_core.package_identification:_identify(maps) by extensions ['python_setup_py']
[0.299s] Level 1:colcon.colcon_core.package_identification:_identify(maps) by extension 'python_setup_py'
[0.299s] Level 1:colcon.colcon_core.package_identification:_identify(maps/texturas) by extensions ['ignore', 'ignore_ament_install']
[0.300s] Level 1:colcon.colcon_core.package_identification:_identify(maps/texturas) by extension 'ignore'
[0.300s] Level 1:colcon.colcon_core.package_identification:_identify(maps/texturas) by extension 'ignore_ament_install'
[0.300s] Level 1:colcon.colcon_core.package_identification:_identify(maps/texturas) by extensions ['colcon_pkg']
[0.300s] Level 1:colcon.colcon_core.package_identification:_identify(maps/texturas) by extension 'colcon_pkg'
[0.300s] Level 1:colcon.colcon_core.package_identification:_identify(maps/texturas) by extensions ['colcon_meta']
[0.300s] Level 1:colcon.colcon_core.package_identification:_identify(maps/texturas) by extension 'colcon_meta'
[0.300s] Level 1:colcon.colcon_core.package_identification:_identify(maps/texturas) by extensions ['ros']
[0.300s] Level 1:colcon.colcon_core.package_identification:_identify(maps/texturas) by extension 'ros'
[0.300s] Level 1:colcon.colcon_core.package_identification:_identify(maps/texturas) by extensions ['cmake', 'python']
[0.300s] Level 1:colcon.colcon_core.package_identification:_identify(maps/texturas) by extension 'cmake'
[0.300s] Level 1:colcon.colcon_core.package_identification:_identify(maps/texturas) by extension 'python'
[0.300s] Level 1:colcon.colcon_core.package_identification:_identify(maps/texturas) by extensions ['python_setup_py']
[0.300s] Level 1:colcon.colcon_core.package_identification:_identify(maps/texturas) by extension 'python_setup_py'
[0.300s] Level 1:colcon.colcon_core.package_identification:_identify(maps_out) by extensions ['ignore', 'ignore_ament_install']
[0.300s] Level 1:colcon.colcon_core.package_identification:_identify(maps_out) by extension 'ignore'
[0.300s] Level 1:colcon.colcon_core.package_identification:_identify(maps_out) by extension 'ignore_ament_install'
[0.300s] Level 1:colcon.colcon_core.package_identification:_identify(maps_out) by extensions ['colcon_pkg']
[0.300s] Level 1:colcon.colcon_core.package_identification:_identify(maps_out) by extension 'colcon_pkg'
[0.300s] Level 1:colcon.colcon_core.package_identification:_identify(maps_out) by extensions ['colcon_meta']
[0.300s] Level 1:colcon.colcon_core.package_identification:_identify(maps_out) by extension 'colcon_meta'
[0.300s] Level 1:colcon.colcon_core.package_identification:_identify(maps_out) by extensions ['ros']
[0.300s] Level 1:colcon.colcon_core.package_identification:_identify(maps_out) by extension 'ros'
[0.300s] Level 1:colcon.colcon_core.package_identification:_identify(maps_out) by extensions ['cmake', 'python']
[0.300s] Level 1:colcon.colcon_core.package_identification:_identify(maps_out) by extension 'cmake'
[0.300s] Level 1:colcon.colcon_core.package_identification:_identify(maps_out) by extension 'python'
[0.301s] Level 1:colcon.colcon_core.package_identification:_identify(maps_out) by extensions ['python_setup_py']
[0.301s] Level 1:colcon.colcon_core.package_identification:_identify(maps_out) by extension 'python_setup_py'
[0.301s] Level 1:colcon.colcon_core.package_identification:_identify(nav_astar) by extensions ['ignore', 'ignore_ament_install']
[0.301s] Level 1:colcon.colcon_core.package_identification:_identify(nav_astar) by extension 'ignore'
[0.301s] Level 1:colcon.colcon_core.package_identification:_identify(nav_astar) by extension 'ignore_ament_install'
[0.301s] Level 1:colcon.colcon_core.package_identification:_identify(nav_astar) by extensions ['colcon_pkg']
[0.301s] Level 1:colcon.colcon_core.package_identification:_identify(nav_astar) by extension 'colcon_pkg'
[0.301s] Level 1:colcon.colcon_core.package_identification:_identify(nav_astar) by extensions ['colcon_meta']
[0.301s] Level 1:colcon.colcon_core.package_identification:_identify(nav_astar) by extension 'colcon_meta'
[0.301s] Level 1:colcon.colcon_core.package_identification:_identify(nav_astar) by extensions ['ros']
[0.301s] Level 1:colcon.colcon_core.package_identification:_identify(nav_astar) by extension 'ros'
[0.302s] DEBUG:colcon.colcon_core.package_identification:Package 'nav_astar' with type 'ros.ament_python' and name 'astar_planner'
[0.302s] Level 1:colcon.colcon_core.package_identification:_identify(nav_bringup) by extensions ['ignore', 'ignore_ament_install']
[0.302s] Level 1:colcon.colcon_core.package_identification:_identify(nav_bringup) by extension 'ignore'
[0.302s] Level 1:colcon.colcon_core.package_identification:_identify(nav_bringup) by extension 'ignore_ament_install'
[0.302s] Level 1:colcon.colcon_core.package_identification:_identify(nav_bringup) by extensions ['colcon_pkg']
[0.302s] Level 1:colcon.colcon_core.package_identification:_identify(nav_bringup) by extension 'colcon_pkg'
[0.302s] Level 1:colcon.colcon_core.package_identification:_identify(nav_bringup) by extensions ['colcon_meta']
[0.302s] Level 1:colcon.colcon_core.package_identification:_identify(nav_bringup) by extension 'colcon_meta'
[0.302s] Level 1:colcon.colcon_core.package_identification:_identify(nav_bringup) by extensions ['ros']
[0.302s] Level 1:colcon.colcon_core.package_identification:_identify(nav_bringup) by extension 'ros'
[0.302s] DEBUG:colcon.colcon_core.package_identification:Package 'nav_bringup' with type 'ros.ament_cmake' and name 'nav_bringup'
[0.302s] Level 1:colcon.colcon_core.package_identification:_identify(planners) by extensions ['ignore', 'ignore_ament_install']
[0.302s] Level 1:colcon.colcon_core.package_identification:_identify(planners) by extension 'ignore'
[0.302s] Level 1:colcon.colcon_core.package_identification:_identify(planners) by extension 'ignore_ament_install'
[0.303s] Level 1:colcon.colcon_core.package_identification:_identify(planners) by extensions ['colcon_pkg']
[0.303s] Level 1:colcon.colcon_core.package_identification:_identify(planners) by extension 'colcon_pkg'
[0.303s] Level 1:colcon.colcon_core.package_identification:_identify(planners) by extensions ['colcon_meta']
[0.303s] Level 1:colcon.colcon_core.package_identification:_identify(planners) by extension 'colcon_meta'
[0.303s] Level 1:colcon.colcon_core.package_identification:_identify(planners) by extensions ['ros']
[0.303s] Level 1:colcon.colcon_core.package_identification:_identify(planners) by extension 'ros'
[0.303s] Level 1:colcon.colcon_core.package_identification:_identify(planners) by extensions ['cmake', 'python']
[0.303s] Level 1:colcon.colcon_core.package_identification:_identify(planners) by extension 'cmake'
[0.303s] Level 1:colcon.colcon_core.package_identification:_identify(planners) by extension 'python'
[0.303s] Level 1:colcon.colcon_core.package_identification:_identify(planners) by extensions ['python_setup_py']
[0.303s] Level 1:colcon.colcon_core.package_identification:_identify(planners) by extension 'python_setup_py'
[0.303s] Level 1:colcon.colcon_core.package_identification:_identify(sim) by extensions ['ignore', 'ignore_ament_install']
[0.303s] Level 1:colcon.colcon_core.package_identification:_identify(sim) by extension 'ignore'
[0.303s] Level 1:colcon.colcon_core.package_identification:_identify(sim) by extension 'ignore_ament_install'
[0.303s] Level 1:colcon.colcon_core.package_identification:_identify(sim) by extensions ['colcon_pkg']
[0.303s] Level 1:colcon.colcon_core.package_identification:_identify(sim) by extension 'colcon_pkg'
[0.303s] Level 1:colcon.colcon_core.package_identification:_identify(sim) by extensions ['colcon_meta']
[0.303s] Level 1:colcon.colcon_core.package_identification:_identify(sim) by extension 'colcon_meta'
[0.303s] Level 1:colcon.colcon_core.package_identification:_identify(sim) by extensions ['ros']
[0.303s] Level 1:colcon.colcon_core.package_identification:_identify(sim) by extension 'ros'
[0.303s] Level 1:colcon.colcon_core.package_identification:_identify(sim) by extensions ['cmake', 'python']
[0.303s] Level 1:colcon.colcon_core.package_identification:_identify(sim) by extension 'cmake'
[0.303s] Level 1:colcon.colcon_core.package_identification:_identify(sim) by extension 'python'
[0.303s] Level 1:colcon.colcon_core.package_identification:_identify(sim) by extensions ['python_setup_py']
[0.303s] Level 1:colcon.colcon_core.package_identification:_identify(sim) by extension 'python_setup_py'
[0.303s] Level 1:colcon.colcon_core.package_discovery:discover_packages(recursive) using defaults
[0.304s] Level 1:colcon.colcon_core.package_discovery:discover_packages(ignore) discover
[0.304s] Level 1:colcon.colcon_core.package_discovery:discover_packages(ignore) using defaults
[0.304s] Level 1:colcon.colcon_core.package_discovery:discover_packages(path) discover
[0.304s] Level 1:colcon.colcon_core.package_discovery:discover_packages(path) using defaults
[0.304s] WARNING:colcon.colcon_core.package_selection:ignoring unknown package 'nav_astar' in --packages-select
[0.351s] INFO:colcon.colcon_core.package_selection:Skipping not selected package 'astar_planner' in 'astar_planner'
[0.351s] INFO:colcon.colcon_core.package_selection:Skipping not selected package 'astar_planner' in 'nav_astar'
[0.351s] INFO:colcon.colcon_core.package_selection:Skipping not selected package 'nav_bringup' in 'nav_bringup'
[0.351s] Level 1:colcon.colcon_core.package_discovery:discover_packages(prefix_path) check parameters
[0.351s] Level 1:colcon.colcon_core.package_discovery:discover_packages(prefix_path) discover
[0.371s] DEBUG:colcon.colcon_installed_package_information.package_discovery:Found 373 installed packages in /home/jandui/ros2_jazzy/install
[0.373s] DEBUG:colcon.colcon_installed_package_information.package_discovery:Found 494 installed packages in /opt/ros/jazzy
[0.384s] Level 1:colcon.colcon_core.package_discovery:discover_packages(prefix_path) using defaults
[0.472s] INFO:colcon.colcon_core.executor:Executing jobs using 'parallel' executor
[0.473s] DEBUG:colcon.colcon_parallel_executor.executor.parallel:run_until_complete
[0.473s] DEBUG:colcon.colcon_parallel_executor.executor.parallel:closing loop
[0.473s] DEBUG:colcon.colcon_parallel_executor.executor.parallel:loop closed
[0.473s] DEBUG:colcon.colcon_parallel_executor.executor.parallel:run_until_complete finished with '0'
[0.473s] DEBUG:colcon.colcon_core.event_reactor:joining thread
[0.483s] INFO:colcon.colcon_core.plugin_system:Skipping extension 'colcon_notification.desktop_notification.terminal_notifier': Not used on non-Darwin systems
[0.483s] INFO:colcon.colcon_core.plugin_system:Skipping extension 'colcon_notification.desktop_notification.win32': Not used on non-Windows systems
[0.483s] INFO:colcon.colcon_notification.desktop_notification:Sending desktop notification using 'notify2'
[0.485s] DEBUG:colcon.colcon_core.event_reactor:joined thread
[0.490s] INFO:colcon.colcon_core.plugin_system:Skipping extension 'colcon_core.shell.bat': Not used on non-Windows systems
[0.490s] INFO:colcon.colcon_core.shell:Creating prefix script '/home/jandui/ros2_jazzy/src/robmove/install/local_setup.ps1'
[0.491s] INFO:colcon.colcon_core.shell:Creating prefix util module '/home/jandui/ros2_jazzy/src/robmove/install/_local_setup_util_ps1.py'
[0.492s] INFO:colcon.colcon_core.shell:Creating prefix chain script '/home/jandui/ros2_jazzy/src/robmove/install/setup.ps1'
[0.503s] INFO:colcon.colcon_core.shell:Creating prefix script '/home/jandui/ros2_jazzy/src/robmove/install/local_setup.sh'
[0.503s] INFO:colcon.colcon_core.shell:Creating prefix util module '/home/jandui/ros2_jazzy/src/robmove/install/_local_setup_util_sh.py'
[0.504s] INFO:colcon.colcon_core.shell:Creating prefix chain script '/home/jandui/ros2_jazzy/src/robmove/install/setup.sh'
[0.514s] INFO:colcon.colcon_core.shell:Creating prefix script '/home/jandui/ros2_jazzy/src/robmove/install/local_setup.bash'
[0.515s] INFO:colcon.colcon_core.shell:Creating prefix chain script '/home/jandui/ros2_jazzy/src/robmove/install/setup.bash'
[0.526s] INFO:colcon.colcon_core.shell:Creating prefix script '/home/jandui/ros2_jazzy/src/robmove/install/local_setup.zsh'
[0.526s] INFO:colcon.colcon_core.shell:Creating prefix chain script '/home/jandui/ros2_jazzy/src/robmove/install/setup.zsh'
